Test message 1
Test message 2
